tsdb-bench run: timelorddb-tldb-m5-repeat-20260808-155151
  backend   TimelordDB @ http://localhost:1963 (db=poc)
  scale     full: 1,000,000 products/day x 2d, 2500 hosts x 6.0h, burst 100,000
  scenarios ingest, hosts, query_a, query_b, burst, storage, context
  sampling baseline memory (6s)...
[15:51:57] INGEST: 2,000,000 products over 2d (~40,000,000 events), 4,000 chunks, 8 workers
[15:52:01]   400/4000 chunks | 3,656,588 lines | 828,830 lines/s | 0 errors
[15:52:20]   800/4000 chunks | 7,316,060 lines | 315,002 lines/s | 0 errors
[15:52:46]   1200/4000 chunks | 10,973,926 lines | 224,054 lines/s | 0 errors
[15:53:06]   1600/4000 chunks | 14,632,678 lines | 213,048 lines/s | 0 errors
[15:53:10]   2000/4000 chunks | 18,288,470 lines | 249,817 lines/s | 0 errors
[15:53:14]   2400/4000 chunks | 21,947,058 lines | 282,778 lines/s | 0 errors
[15:53:19]   2800/4000 chunks | 25,604,516 lines | 311,800 lines/s | 0 errors
[15:53:23]   3200/4000 chunks | 29,265,488 lines | 337,838 lines/s | 0 errors
[15:53:29]   3600/4000 chunks | 32,923,214 lines | 356,778 lines/s | 0 errors
[15:53:34]   4000/4000 chunks | 36,584,160 lines | 378,361 lines/s | 0 errors
[15:53:34] INGEST done: 36,584,160 lines in 96.7s (378,355 lines/s, 0 errors)
[15:53:34] HOSTS: 2500 hosts x 6.0h history @ 1-min (7 disk devices each)
[15:53:47] HOSTS done: 7,200,000 lines in 13.6s (0 errors)
[15:53:47] SHAPE A: sampling 20 product ids
[15:53:53] SHAPE A done: median=267ms p95=347ms max=584ms errors=0
[15:53:53] SHAPE B: 3 runs each (cold -> warm)
[15:53:59]   B1_funnel_24h: cold=1791ms warm=1780ms rows=10
[15:54:10]   B2_funnel_48h: cold=3863ms warm=3618ms rows=10
[15:54:11]   B3_inflight_24h: cold=377ms warm=398ms rows=10
[15:54:13]   B4_hourly_throughput_48h: cold=605ms warm=658ms rows=477
[15:54:18]   B5_route_rollup_24h: cold=1746ms warm=1315ms rows=40
[15:54:18] SHAPE B done: all_completed=True
[15:54:18] BURST: 100,000 events in 10 batches, 8 parallel writers, one Shape B query mid-burst
[15:54:21] BURST done: 100,000 events in 0.25s (394,110/s), errors=0, concurrent query 2209ms ok=True
[15:54:21] STORAGE: 0.91 GB total -> 0.45 GB/day (90d ~41 GB, 365d ~166 GB)
[15:54:23]   context rows_48h: value=36682854 (1693ms)
[15:54:23]   context host_rows_6h: value=897500 (18ms)
[15:54:23]   context disk_rows_6h: value=6282500 (285ms)

Run complete in 156s
  <repo>\bench\results\timelorddb-tldb-m5-repeat-20260808-155151\run.json
  compare runs with: python bench.py compare <repo>\bench\results\*\run.json
