tsdb-bench run: timelorddb-tldb-m4-full3-20260808-113040
  backend   TimelordDB @ http://localhost:1963 (db=poc)
  scale     full: 1,000,000 products/day x 2d, 2500 hosts x 6.0h, burst 100,000
  scenarios ingest, hosts, query_a, query_b, burst, storage, context
  sampling baseline memory (6s)...
[11:30:46] INGEST: 2,000,000 products over 2d (~40,000,000 events), 4,000 chunks, 8 workers
[11:30:50]   400/4000 chunks | 3,656,528 lines | 903,643 lines/s | 0 errors
[11:30:54]   800/4000 chunks | 7,315,928 lines | 884,534 lines/s | 0 errors
[11:30:59]   1200/4000 chunks | 10,974,080 lines | 867,231 lines/s | 0 errors
[11:31:03]   1600/4000 chunks | 14,632,592 lines | 854,849 lines/s | 0 errors
[11:31:07]   2000/4000 chunks | 18,288,996 lines | 860,876 lines/s | 0 errors
[11:31:15]   2400/4000 chunks | 21,947,138 lines | 760,568 lines/s | 0 errors
[11:31:19]   2800/4000 chunks | 25,604,784 lines | 778,416 lines/s | 0 errors
[11:31:31]   3200/4000 chunks | 29,265,348 lines | 658,484 lines/s | 0 errors
[11:31:44]   3600/4000 chunks | 32,923,334 lines | 572,116 lines/s | 0 errors
[11:31:57]   4000/4000 chunks | 36,584,160 lines | 517,167 lines/s | 0 errors
[11:31:57] INGEST done: 36,584,160 lines in 70.7s (517,157 lines/s, 0 errors)
[11:31:57] HOSTS: 2500 hosts x 6.0h history @ 1-min (7 disk devices each)
[11:32:21] HOSTS done: 7,200,000 lines in 24.2s (0 errors)
[11:32:21] SHAPE A: sampling 20 product ids
[11:38:12]   A_journey_14: ERROR after 300.01s -> ReadTimeout(ReadTimeoutError("HTTPConnectionPool(host='localhost', port=1963): Read timed out. (read timeout=300)"))
[11:43:12]   A_journey_15: ERROR after 300.00s -> ReadTimeout(ReadTimeoutError("HTTPConnectionPool(host='localhost', port=1963): Read timed out. (read timeout=300)"))
[11:48:12]   A_journey_16: ERROR after 300.02s -> ReadTimeout(ReadTimeoutError("HTTPConnectionPool(host='localhost', port=1963): Read timed out. (read timeout=300)"))
[11:53:12]   A_journey_17: ERROR after 300.02s -> ReadTimeout(ReadTimeoutError("HTTPConnectionPool(host='localhost', port=1963): Read timed out. (read timeout=300)"))
