tsdb-bench run: timelorddb-tldb-m4-full-20260808-105617
  backend   TimelordDB @ http://localhost:1963 (db=poc)
  scale     full: 1,000,000 products/day x 2d, 2500 hosts x 6.0h, burst 100,000
  scenarios ingest, hosts, query_a, query_b, burst, storage, context
  sampling baseline memory (6s)...
[10:56:23] INGEST: 2,000,000 products over 2d (~40,000,000 events), 4,000 chunks, 8 workers
[10:56:27]   400/4000 chunks | 3,656,598 lines | 877,548 lines/s | 0 errors
[10:56:32]   800/4000 chunks | 7,316,142 lines | 862,497 lines/s | 0 errors
[10:56:36]   1200/4000 chunks | 10,973,816 lines | 877,843 lines/s | 0 errors
[10:56:40]   1600/4000 chunks | 14,632,556 lines | 865,650 lines/s | 0 errors
[10:56:44]   2000/4000 chunks | 18,288,918 lines | 866,901 lines/s | 0 errors
[10:57:02]   2400/4000 chunks | 21,947,058 lines | 570,449 lines/s | 0 errors
[10:57:06]   2800/4000 chunks | 25,604,784 lines | 601,014 lines/s | 0 errors
[10:57:10]   3200/4000 chunks | 29,265,348 lines | 624,062 lines/s | 0 errors
[10:57:14]   3600/4000 chunks | 32,932,344 lines | 644,564 lines/s | 0 errors
[10:57:19]   4000/4000 chunks | 36,584,160 lines | 660,509 lines/s | 0 errors
[10:57:19] INGEST done: 36,584,160 lines in 55.4s (660,492 lines/s, 0 errors)
[10:57:19] HOSTS: 2500 hosts x 6.0h history @ 1-min (7 disk devices each)
[10:57:34] HOSTS done: 7,200,000 lines in 15.7s (0 errors)
[10:57:34] SHAPE A: sampling 20 product ids
[10:57:37]   A_journey_01: ERROR after 1.40s -> HTTP 400: {"error":"Execution error: query memory budget exceeded loading poc/pipeline_events/data/2026080807/01786175999997840411-000090.parquet: Resources exhausted: Failed to allocate additional 439.8 KB for lazy-table-load with 3.0 GB already allocated for this reservation - 251.7 KB remain available for 
[10:57:38]   A_journey_02: ERROR after 0.96s -> HTTP 400: {"error":"Execution error: query memory budget exceeded loading poc/pipeline_events/data/2026080807/01786175999997840411-000090.parquet: Resources exhausted: Failed to allocate additional 439.8 KB for lazy-table-load with 3.0 GB already allocated for this reservation - 251.7 KB remain available for 
[10:57:38]   A_journey_03: ERROR after 0.90s -> HTTP 400: {"error":"Execution error: query memory budget exceeded loading poc/pipeline_events/data/2026080807/01786175999997840411-000090.parquet: Resources exhausted: Failed to allocate additional 439.8 KB for lazy-table-load with 3.0 GB already allocated for this reservation - 251.7 KB remain available for 
[10:57:39]   A_journey_04: ERROR after 0.83s -> HTTP 400: {"error":"Execution error: query memory budget exceeded loading poc/pipeline_events/data/2026080807/01786175999997840411-000090.parquet: Resources exhausted: Failed to allocate additional 439.8 KB for lazy-table-load with 3.0 GB already allocated for this reservation - 251.7 KB remain available for 
[10:57:40]   A_journey_05: ERROR after 0.86s -> HTTP 400: {"error":"Execution error: query memory budget exceeded loading poc/pipeline_events/data/2026080807/01786175999997840411-000090.parquet: Resources exhausted: Failed to allocate additional 439.8 KB for lazy-table-load with 3.0 GB already allocated for this reservation - 251.7 KB remain available for 
[10:57:41]   A_journey_06: ERROR after 0.83s -> HTTP 400: {"error":"Execution error: query memory budget exceeded loading poc/pipeline_events/data/2026080807/01786175999997840411-000090.parquet: Resources exhausted: Failed to allocate additional 439.8 KB for lazy-table-load with 3.0 GB already allocated for this reservation - 251.7 KB remain available for 
[10:57:42]   A_journey_07: ERROR after 0.84s -> HTTP 400: {"error":"Execution error: query memory budget exceeded loading poc/pipeline_events/data/2026080807/01786175999997840411-000090.parquet: Resources exhausted: Failed to allocate additional 439.8 KB for lazy-table-load with 3.0 GB already allocated for this reservation - 251.7 KB remain available for 
[10:57:43]   A_journey_08: ERROR after 0.82s -> HTTP 400: {"error":"Execution error: query memory budget exceeded loading poc/pipeline_events/data/2026080807/01786175999997840411-000090.parquet: Resources exhausted: Failed to allocate additional 439.8 KB for lazy-table-load with 3.0 GB already allocated for this reservation - 251.7 KB remain available for 
[10:57:43]   A_journey_09: ERROR after 0.80s -> HTTP 400: {"error":"Execution error: query memory budget exceeded loading poc/pipeline_events/data/2026080807/01786175999997840411-000090.parquet: Resources exhausted: Failed to allocate additional 439.8 KB for lazy-table-load with 3.0 GB already allocated for this reservation - 251.7 KB remain available for 
[10:57:44]   A_journey_10: ERROR after 0.82s -> HTTP 400: {"error":"Execution error: query memory budget exceeded loading poc/pipeline_events/data/2026080807/01786175999997840411-000090.parquet: Resources exhausted: Failed to allocate additional 439.8 KB for lazy-table-load with 3.0 GB already allocated for this reservation - 251.7 KB remain available for 
[10:57:45]   A_journey_11: ERROR after 0.81s -> HTTP 400: {"error":"Execution error: query memory budget exceeded loading poc/pipeline_events/data/2026080807/01786175999997840411-000090.parquet: Resources exhausted: Failed to allocate additional 439.8 KB for lazy-table-load with 3.0 GB already allocated for this reservation - 251.7 KB remain available for 
[10:57:46]   A_journey_12: ERROR after 0.81s -> HTTP 400: {"error":"Execution error: query memory budget exceeded loading poc/pipeline_events/data/2026080807/01786175999997840411-000090.parquet: Resources exhausted: Failed to allocate additional 439.8 KB for lazy-table-load with 3.0 GB already allocated for this reservation - 251.7 KB remain available for 
[10:57:47]   A_journey_13: ERROR after 0.81s -> HTTP 400: {"error":"Execution error: query memory budget exceeded loading poc/pipeline_events/data/2026080807/01786175999997840411-000090.parquet: Resources exhausted: Failed to allocate additional 439.8 KB for lazy-table-load with 3.0 GB already allocated for this reservation - 251.7 KB remain available for 
[10:57:47]   A_journey_14: ERROR after 0.31s -> HTTP 400: {"error":"Execution error: store get poc/pipeline_events/data/2026080814/01786198625035143482-000048.parquet: No such file or directory (os error 2)"}
[10:57:48]   A_journey_15: ERROR after 0.67s -> HTTP 400: {"error":"Execution error: store get poc/pipeline_events/data/2026080718/01786129199993042091-000077.parquet: No such file or directory (os error 2)"}
[10:57:48]   A_journey_16: ERROR after 0.63s -> HTTP 400: {"error":"Execution error: store get poc/pipeline_events/data/2026080715/01786118399997808790-000074.parquet: No such file or directory (os error 2)"}
[10:57:49]   A_journey_17: ERROR after 0.74s -> HTTP 400: {"error":"Execution error: store get poc/pipeline_events/data/2026080802/01786157999973761630-000085.parquet: No such file or directory (os error 2)"}
[10:57:49]   A_journey_18: ERROR after 0.23s -> HTTP 400: {"error":"Execution error: store get poc/pipeline_events/data/2026080807/01786175999990097716-000041.parquet: No such file or directory (os error 2)"}
[10:57:50]   A_journey_19: ERROR after 0.71s -> HTTP 400: {"error":"Execution error: store get poc/pipeline_events/data/2026080800/01786150799984272737-000083.parquet: No such file or directory (os error 2)"}
[10:57:50]   A_journey_20: ERROR after 0.08s -> HTTP 400: {"error":"Execution error: store get poc/pipeline_events/data/2026080702/01786071599986453439-000012.parquet: No such file or directory (os error 2)"}
[10:57:50] SHAPE A done: median=Nonems p95=Nonems max=Nonems errors=20
[10:57:50] SHAPE B: 3 runs each (cold -> warm)
[10:57:51]   B1_funnel_24h run 1: ERROR after 0.87s -> HTTP 400: {"error":"Execution error: query memory budget exceeded loading poc/pipeline_events/data/2026080805/01786168799996575816-000284.parquet: Resources exhausted: Failed to allocate additional 436.4 KB for lazy-table-load with 3.0 GB already allocated for this reservation - 393.3 KB remain available for 
[10:57:52]   B1_funnel_24h run 2: ERROR after 0.89s -> HTTP 400: {"error":"Execution error: query memory budget exceeded loading poc/pipeline_events/data/2026080805/01786168799996575816-000284.parquet: Resources exhausted: Failed to allocate additional 436.4 KB for lazy-table-load with 3.0 GB already allocated for this reservation - 393.3 KB remain available for 
[10:57:53]   B1_funnel_24h run 3: ERROR after 0.89s -> HTTP 400: {"error":"Execution error: query memory budget exceeded loading poc/pipeline_events/data/2026080805/01786168799996575816-000284.parquet: Resources exhausted: Failed to allocate additional 436.4 KB for lazy-table-load with 3.0 GB already allocated for this reservation - 393.3 KB remain available for 
[10:57:53]   B1_funnel_24h: cold=Nonems warm=Nonems rows=None  [3 ERRORS]
[10:57:54]   B2_funnel_48h run 1: ERROR after 0.80s -> HTTP 400: {"error":"Execution error: query memory budget exceeded loading poc/pipeline_events/data/2026080621/01786053599987194824-000105.parquet: Resources exhausted: Failed to allocate additional 364.8 KB for lazy-table-load with 3.0 GB already allocated for this reservation - 222.8 KB remain available for 
[10:57:54]   B2_funnel_48h run 2: ERROR after 0.83s -> HTTP 400: {"error":"Execution error: query memory budget exceeded loading poc/pipeline_events/data/2026080621/01786053599987194824-000105.parquet: Resources exhausted: Failed to allocate additional 364.8 KB for lazy-table-load with 3.0 GB already allocated for this reservation - 222.8 KB remain available for 
[10:57:55]   B2_funnel_48h run 3: ERROR after 0.82s -> HTTP 400: {"error":"Execution error: query memory budget exceeded loading poc/pipeline_events/data/2026080621/01786053599987194824-000105.parquet: Resources exhausted: Failed to allocate additional 364.8 KB for lazy-table-load with 3.0 GB already allocated for this reservation - 222.8 KB remain available for 
[10:57:55]   B2_funnel_48h: cold=Nonems warm=Nonems rows=None  [3 ERRORS]
[10:57:56]   B3_inflight_24h run 1: ERROR after 0.87s -> HTTP 400: {"error":"Execution error: query memory budget exceeded loading poc/pipeline_events/data/2026080805/01786168799996575816-000284.parquet: Resources exhausted: Failed to allocate additional 436.4 KB for lazy-table-load with 3.0 GB already allocated for this reservation - 393.3 KB remain available for 
[10:57:57]   B3_inflight_24h run 2: ERROR after 0.94s -> HTTP 400: {"error":"Execution error: query memory budget exceeded loading poc/pipeline_events/data/2026080805/01786168799996575816-000284.parquet: Resources exhausted: Failed to allocate additional 436.4 KB for lazy-table-load with 3.0 GB already allocated for this reservation - 393.3 KB remain available for 
[10:57:58]   B3_inflight_24h run 3: ERROR after 0.89s -> HTTP 400: {"error":"Execution error: query memory budget exceeded loading poc/pipeline_events/data/2026080805/01786168799996575816-000284.parquet: Resources exhausted: Failed to allocate additional 436.4 KB for lazy-table-load with 3.0 GB already allocated for this reservation - 393.3 KB remain available for 
[10:57:58]   B3_inflight_24h: cold=Nonems warm=Nonems rows=None  [3 ERRORS]
[10:57:59]   B4_hourly_throughput_48h run 1: ERROR after 1.31s -> HTTP 400: {"error":"Execution error: query memory budget exceeded loading poc/pipeline_events/data/2026080621/01786053599987194824-000105.parquet: Resources exhausted: Failed to allocate additional 364.8 KB for lazy-table-load with 3.0 GB already allocated for this reservation - 222.8 KB remain available for 
[10:58:00]   B4_hourly_throughput_48h run 2: ERROR after 1.16s -> HTTP 400: {"error":"Execution error: query memory budget exceeded loading poc/pipeline_events/data/2026080621/01786053599987194824-000105.parquet: Resources exhausted: Failed to allocate additional 364.8 KB for lazy-table-load with 3.0 GB already allocated for this reservation - 222.8 KB remain available for 
[10:58:01]   B4_hourly_throughput_48h run 3: ERROR after 0.81s -> HTTP 400: {"error":"Execution error: query memory budget exceeded loading poc/pipeline_events/data/2026080621/01786053599987194824-000105.parquet: Resources exhausted: Failed to allocate additional 364.8 KB for lazy-table-load with 3.0 GB already allocated for this reservation - 222.8 KB remain available for 
[10:58:01]   B4_hourly_throughput_48h: cold=Nonems warm=Nonems rows=None  [3 ERRORS]
[10:58:02]   B5_route_rollup_24h run 1: ERROR after 0.88s -> HTTP 400: {"error":"Execution error: query memory budget exceeded loading poc/pipeline_events/data/2026080805/01786168799996575816-000284.parquet: Resources exhausted: Failed to allocate additional 436.4 KB for lazy-table-load with 3.0 GB already allocated for this reservation - 393.3 KB remain available for 
[10:58:03]   B5_route_rollup_24h run 2: ERROR after 0.88s -> HTTP 400: {"error":"Execution error: query memory budget exceeded loading poc/pipeline_events/data/2026080805/01786168799996575816-000284.parquet: Resources exhausted: Failed to allocate additional 436.4 KB for lazy-table-load with 3.0 GB already allocated for this reservation - 393.3 KB remain available for 
[10:58:04]   B5_route_rollup_24h run 3: ERROR after 0.88s -> HTTP 400: {"error":"Execution error: query memory budget exceeded loading poc/pipeline_events/data/2026080805/01786168799996575816-000284.parquet: Resources exhausted: Failed to allocate additional 436.4 KB for lazy-table-load with 3.0 GB already allocated for this reservation - 393.3 KB remain available for 
[10:58:04]   B5_route_rollup_24h: cold=Nonems warm=Nonems rows=None  [3 ERRORS]
[10:58:04] SHAPE B done: all_completed=False
[10:58:04] BURST: 100,000 events in 10 batches, 8 parallel writers, one Shape B query mid-burst
[10:58:05] BURST done: 100,000 events in 0.12s (808,566/s), errors=0, concurrent query 1211ms ok=False
[10:58:06] STORAGE: 0.67 GB total -> 0.34 GB/day (90d ~30 GB, 365d ~123 GB)
[10:58:07]   context rows_48h: value=None (818ms) ERROR HTTP 400: {"error":"Execution error: query memory budget exceeded loading poc/pipeline_events/data/2026080621/01786053599987194824-000105.parquet: Resources exhausted: Failed to allocate additional 364.8 KB for lazy-table-load with 3.0 GB already allocated for this reservation - 222.8 KB remain available for 
[10:58:07]   context host_rows_6h: value=897500 (114ms)
[10:58:09]   context disk_rows_6h: value=6282500 (874ms)

Run complete in 115s
  <repo>\bench\results\timelorddb-tldb-m4-full-20260808-105617\run.json
  compare runs with: python bench.py compare <repo>\bench\results\*\run.json
