tsdb-bench run: timelorddb-tldb-m4-full2-20260808-111549
  backend   TimelordDB @ http://localhost:1963 (db=poc)
  scale     full: 1,000,000 products/day x 2d, 2500 hosts x 6.0h, burst 100,000
  scenarios ingest, hosts, query_a, query_b, burst, storage, context
  sampling baseline memory (6s)...
[11:15:55] INGEST: 2,000,000 products over 2d (~40,000,000 events), 4,000 chunks, 8 workers
[11:15:59]   400/4000 chunks | 3,656,430 lines | 902,838 lines/s | 0 errors
[11:16:03]   800/4000 chunks | 7,315,942 lines | 909,502 lines/s | 0 errors
[11:16:07]   1200/4000 chunks | 10,973,924 lines | 904,067 lines/s | 0 errors
[11:16:11]   1600/4000 chunks | 14,632,678 lines | 899,209 lines/s | 0 errors
[11:16:16]   2000/4000 chunks | 18,288,526 lines | 881,408 lines/s | 0 errors
[11:16:20]   2400/4000 chunks | 21,947,358 lines | 881,740 lines/s | 0 errors
[11:16:30]   2800/4000 chunks | 25,604,700 lines | 729,624 lines/s | 0 errors
[11:16:34]   3200/4000 chunks | 29,265,488 lines | 745,206 lines/s | 0 errors
[11:16:48]   3600/4000 chunks | 32,923,482 lines | 620,423 lines/s | 0 errors
[11:16:52]   4000/4000 chunks | 36,584,160 lines | 637,632 lines/s | 0 errors
[11:16:52] INGEST done: 36,584,160 lines in 57.4s (637,618 lines/s, 0 errors)
[11:16:52] HOSTS: 2500 hosts x 6.0h history @ 1-min (7 disk devices each)
[11:17:08] HOSTS done: 7,200,000 lines in 15.3s (0 errors)
[11:17:08] SHAPE A: sampling 20 product ids
[11:17:09]   A_journey_01: ERROR after 1.19s -> HTTP 400: {"error":"Execution error: query memory budget exceeded loading poc/pipeline_events/data/2026080803/01786161599996798091-000084.parquet: Resources exhausted: Failed to allocate additional 428.2 KB for lazy-table-load with 3.0 GB already allocated for this reservation - 398.6 KB remain available for 
[11:17:11]   A_journey_02: ERROR after 1.20s -> HTTP 400: {"error":"Execution error: query memory budget exceeded loading poc/pipeline_events/data/2026080803/01786161599996798091-000084.parquet: Resources exhausted: Failed to allocate additional 428.2 KB for lazy-table-load with 3.0 GB already allocated for this reservation - 398.6 KB remain available for 
[11:17:11]   A_journey_03: ERROR after 0.80s -> HTTP 400: {"error":"Execution error: query memory budget exceeded loading poc/pipeline_events/data/2026080803/01786161599996798091-000084.parquet: Resources exhausted: Failed to allocate additional 428.2 KB for lazy-table-load with 3.0 GB already allocated for this reservation - 398.6 KB remain available for 
[11:17:12]   A_journey_04: ERROR after 0.86s -> HTTP 400: {"error":"Execution error: query memory budget exceeded loading poc/pipeline_events/data/2026080803/01786161599996798091-000084.parquet: Resources exhausted: Failed to allocate additional 428.2 KB for lazy-table-load with 3.0 GB already allocated for this reservation - 398.6 KB remain available for 
[11:17:13]   A_journey_05: ERROR after 0.78s -> HTTP 400: {"error":"Execution error: query memory budget exceeded loading poc/pipeline_events/data/2026080803/01786161599996798091-000084.parquet: Resources exhausted: Failed to allocate additional 428.2 KB for lazy-table-load with 3.0 GB already allocated for this reservation - 398.6 KB remain available for 
[11:17:14]   A_journey_06: ERROR after 0.73s -> HTTP 400: {"error":"Execution error: query memory budget exceeded loading poc/pipeline_events/data/2026080803/01786161599996798091-000084.parquet: Resources exhausted: Failed to allocate additional 428.2 KB for lazy-table-load with 3.0 GB already allocated for this reservation - 398.6 KB remain available for 
[11:17:14]   A_journey_07: ERROR after 0.77s -> HTTP 400: {"error":"Execution error: query memory budget exceeded loading poc/pipeline_events/data/2026080803/01786161599996798091-000084.parquet: Resources exhausted: Failed to allocate additional 428.2 KB for lazy-table-load with 3.0 GB already allocated for this reservation - 398.6 KB remain available for 
[11:17:15]   A_journey_08: ERROR after 0.79s -> HTTP 400: {"error":"Execution error: query memory budget exceeded loading poc/pipeline_events/data/2026080803/01786161599996798091-000084.parquet: Resources exhausted: Failed to allocate additional 428.2 KB for lazy-table-load with 3.0 GB already allocated for this reservation - 398.6 KB remain available for 
[11:17:16]   A_journey_09: ERROR after 0.79s -> HTTP 400: {"error":"Execution error: query memory budget exceeded loading poc/pipeline_events/data/2026080803/01786161599996798091-000084.parquet: Resources exhausted: Failed to allocate additional 428.2 KB for lazy-table-load with 3.0 GB already allocated for this reservation - 398.6 KB remain available for 
[11:17:17]   A_journey_10: ERROR after 0.73s -> HTTP 400: {"error":"Execution error: query memory budget exceeded loading poc/pipeline_events/data/2026080803/01786161599996798091-000084.parquet: Resources exhausted: Failed to allocate additional 428.2 KB for lazy-table-load with 3.0 GB already allocated for this reservation - 398.6 KB remain available for 
[11:17:18]   A_journey_11: ERROR after 0.72s -> HTTP 400: {"error":"Execution error: query memory budget exceeded loading poc/pipeline_events/data/2026080803/01786161599996798091-000084.parquet: Resources exhausted: Failed to allocate additional 428.2 KB for lazy-table-load with 3.0 GB already allocated for this reservation - 398.6 KB remain available for 
[11:17:18]   A_journey_12: ERROR after 0.72s -> HTTP 400: {"error":"Execution error: query memory budget exceeded loading poc/pipeline_events/data/2026080803/01786161599996798091-000084.parquet: Resources exhausted: Failed to allocate additional 428.2 KB for lazy-table-load with 3.0 GB already allocated for this reservation - 398.6 KB remain available for 
[11:17:19]   A_journey_13: ERROR after 0.73s -> HTTP 400: {"error":"Execution error: query memory budget exceeded loading poc/pipeline_events/data/2026080803/01786161599996798091-000084.parquet: Resources exhausted: Failed to allocate additional 428.2 KB for lazy-table-load with 3.0 GB already allocated for this reservation - 398.6 KB remain available for 
[11:17:20]   A_journey_14: ERROR after 0.72s -> HTTP 400: {"error":"Execution error: query memory budget exceeded loading poc/pipeline_events/data/2026080803/01786161599996798091-000084.parquet: Resources exhausted: Failed to allocate additional 428.2 KB for lazy-table-load with 3.0 GB already allocated for this reservation - 398.6 KB remain available for 
[11:17:20]   A_journey_15: ERROR after 0.73s -> HTTP 400: {"error":"Execution error: query memory budget exceeded loading poc/pipeline_events/data/2026080803/01786161599996798091-000084.parquet: Resources exhausted: Failed to allocate additional 428.2 KB for lazy-table-load with 3.0 GB already allocated for this reservation - 398.6 KB remain available for 
[11:17:21]   A_journey_16: ERROR after 0.77s -> HTTP 400: {"error":"Execution error: query memory budget exceeded loading poc/pipeline_events/data/2026080803/01786161599996798091-000084.parquet: Resources exhausted: Failed to allocate additional 428.2 KB for lazy-table-load with 3.0 GB already allocated for this reservation - 398.6 KB remain available for 
[11:17:22]   A_journey_17: ERROR after 0.71s -> HTTP 400: {"error":"Execution error: query memory budget exceeded loading poc/pipeline_events/data/2026080803/01786161599996798091-000084.parquet: Resources exhausted: Failed to allocate additional 428.2 KB for lazy-table-load with 3.0 GB already allocated for this reservation - 398.6 KB remain available for 
[11:17:23]   A_journey_18: ERROR after 0.72s -> HTTP 400: {"error":"Execution error: query memory budget exceeded loading poc/pipeline_events/data/2026080803/01786161599996798091-000084.parquet: Resources exhausted: Failed to allocate additional 428.2 KB for lazy-table-load with 3.0 GB already allocated for this reservation - 398.6 KB remain available for 
[11:17:23]   A_journey_19: ERROR after 0.73s -> HTTP 400: {"error":"Execution error: query memory budget exceeded loading poc/pipeline_events/data/2026080803/01786161599996798091-000084.parquet: Resources exhausted: Failed to allocate additional 428.2 KB for lazy-table-load with 3.0 GB already allocated for this reservation - 398.6 KB remain available for 
[11:17:24]   A_journey_20: ERROR after 0.72s -> HTTP 400: {"error":"Execution error: query memory budget exceeded loading poc/pipeline_events/data/2026080803/01786161599996798091-000084.parquet: Resources exhausted: Failed to allocate additional 428.2 KB for lazy-table-load with 3.0 GB already allocated for this reservation - 398.6 KB remain available for 
[11:17:24] SHAPE A done: median=Nonems p95=Nonems max=Nonems errors=20
[11:17:24] SHAPE B: 3 runs each (cold -> warm)
[11:17:25]   B1_funnel_24h run 1: ERROR after 0.72s -> HTTP 400: {"error":"Execution error: query memory budget exceeded loading poc/pipeline_events/data/2026080812/01786193999957330256-000189.parquet: Resources exhausted: Failed to allocate additional 317.8 KB for lazy-table-load with 3.0 GB already allocated for this reservation - 233.6 KB remain available for 
[11:17:26]   B1_funnel_24h run 2: ERROR after 0.76s -> HTTP 400: {"error":"Execution error: query memory budget exceeded loading poc/pipeline_events/data/2026080812/01786193999957330256-000189.parquet: Resources exhausted: Failed to allocate additional 317.8 KB for lazy-table-load with 3.0 GB already allocated for this reservation - 233.6 KB remain available for 
[11:17:26]   B1_funnel_24h run 3: ERROR after 0.75s -> HTTP 400: {"error":"Execution error: query memory budget exceeded loading poc/pipeline_events/data/2026080812/01786193999957330256-000189.parquet: Resources exhausted: Failed to allocate additional 317.8 KB for lazy-table-load with 3.0 GB already allocated for this reservation - 233.6 KB remain available for 
[11:17:26]   B1_funnel_24h: cold=Nonems warm=Nonems rows=None  [3 ERRORS]
[11:17:27]   B2_funnel_48h run 1: ERROR after 0.70s -> HTTP 400: {"error":"Execution error: query memory budget exceeded loading poc/pipeline_events/data/2026080806/01786172399991414231-000087.parquet: Resources exhausted: Failed to allocate additional 404.9 KB for lazy-table-load with 3.0 GB already allocated for this reservation - 389.9 KB remain available for 
[11:17:28]   B2_funnel_48h run 2: ERROR after 0.71s -> HTTP 400: {"error":"Execution error: query memory budget exceeded loading poc/pipeline_events/data/2026080806/01786172399991414231-000087.parquet: Resources exhausted: Failed to allocate additional 404.9 KB for lazy-table-load with 3.0 GB already allocated for this reservation - 389.9 KB remain available for 
[11:17:29]   B2_funnel_48h run 3: ERROR after 0.97s -> HTTP 400: {"error":"Execution error: query memory budget exceeded loading poc/pipeline_events/data/2026080806/01786172399991414231-000087.parquet: Resources exhausted: Failed to allocate additional 404.9 KB for lazy-table-load with 3.0 GB already allocated for this reservation - 389.9 KB remain available for 
[11:17:29]   B2_funnel_48h: cold=Nonems warm=Nonems rows=None  [3 ERRORS]
[11:17:31]   B3_inflight_24h run 1: ERROR after 2.33s -> HTTP 400: {"error":"Resources exhausted: Failed to allocate additional 217.2 KB for GroupedHashAggregateStream[20] (sum(CASE WHEN pipeline_events.event = start THEN 1 ELSE 0 END) as sum(CASE WHEN pipeline_events.event = Utf8(\"start\") THEN Int64(1) ELSE Int64(0) END), sum(CASE WHEN pipeline_events.event = st
[11:17:34]   B3_inflight_24h run 2: ERROR after 2.63s -> HTTP 400: {"error":"Resources exhausted: Failed to allocate additional 217.2 KB for GroupedHashAggregateStream[20] (sum(CASE WHEN pipeline_events.event = start THEN 1 ELSE 0 END) as sum(CASE WHEN pipeline_events.event = Utf8(\"start\") THEN Int64(1) ELSE Int64(0) END), sum(CASE WHEN pipeline_events.event = st
[11:17:37]   B3_inflight_24h run 3: ERROR after 3.55s -> HTTP 400: {"error":"Resources exhausted: Failed to allocate additional 217.2 KB for GroupedHashAggregateStream[20] (sum(CASE WHEN pipeline_events.event = start THEN 1 ELSE 0 END) as sum(CASE WHEN pipeline_events.event = Utf8(\"start\") THEN Int64(1) ELSE Int64(0) END), sum(CASE WHEN pipeline_events.event = st
[11:17:37]   B3_inflight_24h: cold=Nonems warm=Nonems rows=None  [3 ERRORS]
[11:17:43]   B4_hourly_throughput_48h run 1: ERROR after 5.68s -> HTTP 400: {"error":"Resources exhausted: Failed to allocate additional 284.1 KB for GroupedHashAggregateStream[23] (count(1)) with 0.0 B already allocated for this reservation - 194.0 KB remain available for the total memory pool: fair(pool_size: 3.0 GB)"}
[11:17:48]   B4_hourly_throughput_48h run 2: ERROR after 5.30s -> HTTP 400: {"error":"Resources exhausted: Failed to allocate additional 289.7 KB for GroupedHashAggregateStream[22] (count(1)) with 0.0 B already allocated for this reservation - 203.3 KB remain available for the total memory pool: fair(pool_size: 3.0 GB)"}
[11:17:55]   B4_hourly_throughput_48h run 3: ERROR after 6.87s -> HTTP 400: {"error":"Resources exhausted: Failed to allocate additional 284.1 KB for GroupedHashAggregateStream[23] (count(1)) with 0.0 B already allocated for this reservation - 190.3 KB remain available for the total memory pool: fair(pool_size: 3.0 GB)"}
[11:17:55]   B4_hourly_throughput_48h: cold=Nonems warm=Nonems rows=None  [3 ERRORS]
[11:17:56]   B5_route_rollup_24h run 1: ERROR after 0.92s -> HTTP 400: {"error":"Execution error: query memory budget exceeded loading poc/pipeline_events/data/2026080718/c01786129199999753411-000192.parquet: Resources exhausted: Failed to allocate additional 1313.7 KB for lazy-table-load with 3.0 GB already allocated for this reservation - 258.1 KB remain available fo
[11:17:57]   B5_route_rollup_24h run 2: ERROR after 1.22s -> HTTP 400: {"error":"Execution error: query memory budget exceeded loading poc/pipeline_events/data/2026080718/c01786129199999753411-000192.parquet: Resources exhausted: Failed to allocate additional 1313.7 KB for lazy-table-load with 3.0 GB already allocated for this reservation - 890.5 KB remain available fo
[11:18:00]   B5_route_rollup_24h run 3: ERROR after 2.37s -> HTTP 400: {"error":"Execution error: query memory budget exceeded loading poc/pipeline_events/data/2026080718/c01786129199999753411-000192.parquet: Resources exhausted: Failed to allocate additional 1313.7 KB for lazy-table-load with 3.0 GB already allocated for this reservation - 738.4 KB remain available fo
[11:18:00]   B5_route_rollup_24h: cold=Nonems warm=Nonems rows=None  [3 ERRORS]
[11:18:00] SHAPE B done: all_completed=False
[11:18:00] BURST: 100,000 events in 10 batches, 8 parallel writers, one Shape B query mid-burst
[11:18:01] BURST done: 100,000 events in 0.60s (166,577/s), errors=0, concurrent query 752ms ok=False
[11:18:01] STORAGE: 0.92 GB total -> 0.46 GB/day (90d ~42 GB, 365d ~168 GB)
[11:18:07]   context rows_48h: value=36583074 (2743ms)
[11:18:07]   context host_rows_6h: value=895000 (110ms)
[11:18:08]   context disk_rows_6h: value=6265000 (488ms)

Run complete in 143s
  <repo>\bench\results\timelorddb-tldb-m4-full2-20260808-111549\run.json
  compare runs with: python bench.py compare <repo>\bench\results\*\run.json
