tsdb-bench run: timelorddb-tldb-m4-final-20260808-150954
  backend   TimelordDB @ http://localhost:1963 (db=poc)
  scale     full: 1,000,000 products/day x 2d, 2500 hosts x 6.0h, burst 100,000
  scenarios ingest, hosts, query_a, query_b, burst, storage, context
  sampling baseline memory (6s)...
[15:10:00] INGEST: 2,000,000 products over 2d (~40,000,000 events), 4,000 chunks, 8 workers
[15:10:04]   400/4000 chunks | 3,656,634 lines | 818,982 lines/s | 0 errors
[15:10:08]   800/4000 chunks | 7,316,142 lines | 820,522 lines/s | 0 errors
[15:10:13]   1200/4000 chunks | 10,974,080 lines | 823,422 lines/s | 0 errors
[15:10:17]   1600/4000 chunks | 14,632,592 lines | 820,544 lines/s | 0 errors
[15:10:29]   2000/4000 chunks | 18,288,480 lines | 614,781 lines/s | 0 errors
[15:10:50]   2400/4000 chunks | 21,947,206 lines | 439,189 lines/s | 0 errors
[15:11:06]   2800/4000 chunks | 25,604,642 lines | 388,215 lines/s | 0 errors
[15:11:24]   3200/4000 chunks | 29,265,378 lines | 348,223 lines/s | 0 errors
[15:11:35]   3600/4000 chunks | 32,923,622 lines | 344,353 lines/s | 0 errors
[15:11:40]   4000/4000 chunks | 36,584,160 lines | 365,485 lines/s | 0 errors
[15:11:40] INGEST done: 36,584,160 lines in 100.1s (365,477 lines/s, 0 errors)
[15:11:40] HOSTS: 2500 hosts x 6.0h history @ 1-min (7 disk devices each)
[15:11:53] HOSTS done: 7,200,000 lines in 13.2s (0 errors)
[15:11:53] SHAPE A: sampling 20 product ids
[15:12:00] SHAPE A done: median=211ms p95=608ms max=614ms errors=0
[15:12:00] SHAPE B: 3 runs each (cold -> warm)
[15:12:06]   B1_funnel_24h: cold=1708ms warm=1679ms rows=10
[15:12:18]   B2_funnel_48h: cold=4095ms warm=3931ms rows=10
[15:12:19]   B3_inflight_24h: cold=426ms warm=463ms rows=10
[15:12:21]   B4_hourly_throughput_48h: cold=677ms warm=649ms rows=475
[15:12:25]   B5_route_rollup_24h: cold=1419ms warm=1218ms rows=40
[15:12:25] SHAPE B done: all_completed=True
[15:12:25] BURST: 100,000 events in 10 batches, 8 parallel writers, one Shape B query mid-burst
[15:12:28] BURST done: 100,000 events in 0.12s (827,160/s), errors=0, concurrent query 2369ms ok=True
[15:12:28] STORAGE: 1.00 GB total -> 0.50 GB/day (90d ~45 GB, 365d ~182 GB)
[15:12:31]   context rows_48h: value=36682782 (2242ms)
[15:12:31]   context host_rows_6h: value=897500 (19ms)
[15:12:31]   context disk_rows_6h: value=6282500 (161ms)

Run complete in 160s
  <repo>\bench\results\timelorddb-tldb-m4-final-20260808-150954\run.json
  compare runs with: python bench.py compare <repo>\bench\results\*\run.json
