tsdb-bench run: timelorddb-tldb-m4-full4-20260808-142619
  backend   TimelordDB @ http://localhost:1963 (db=poc)
  scale     full: 1,000,000 products/day x 2d, 2500 hosts x 6.0h, burst 100,000
  scenarios ingest, hosts, query_a, query_b, burst, storage, context
  sampling baseline memory (6s)...
[14:26:25] INGEST: 2,000,000 products over 2d (~40,000,000 events), 4,000 chunks, 8 workers
[14:26:29]   400/4000 chunks | 3,656,634 lines | 915,657 lines/s | 0 errors
[14:26:33]   800/4000 chunks | 7,316,092 lines | 926,189 lines/s | 0 errors
[14:26:37]   1200/4000 chunks | 10,973,832 lines | 909,902 lines/s | 0 errors
[14:26:46]   1600/4000 chunks | 14,632,428 lines | 690,502 lines/s | 0 errors
[14:26:55]   2000/4000 chunks | 18,288,526 lines | 605,749 lines/s | 0 errors
[14:26:59]   2400/4000 chunks | 21,947,190 lines | 639,346 lines/s | 0 errors
[14:27:03]   2800/4000 chunks | 25,604,516 lines | 661,181 lines/s | 0 errors
[14:27:08]   3200/4000 chunks | 29,265,378 lines | 681,306 lines/s | 0 errors
[14:27:15]   3600/4000 chunks | 32,923,518 lines | 654,415 lines/s | 0 errors
[14:27:19]   4000/4000 chunks | 36,584,160 lines | 671,641 lines/s | 0 errors
[14:27:19] INGEST done: 36,584,160 lines in 54.5s (671,572 lines/s, 0 errors)
[14:27:19] HOSTS: 2500 hosts x 6.0h history @ 1-min (7 disk devices each)
[14:27:43] HOSTS done: 7,200,000 lines in 23.7s (0 errors)
[14:27:43] SHAPE A: sampling 20 product ids
[14:28:59] SHAPE A done: median=3815ms p95=4551ms max=4752ms errors=0
[14:28:59] SHAPE B: 3 runs each (cold -> warm)
[14:29:10]   B1_funnel_24h: cold=3293ms warm=3541ms rows=10
[14:29:34]   B2_funnel_48h: cold=7835ms warm=7645ms rows=10
[14:29:39]   B3_inflight_24h: cold=1727ms warm=1744ms rows=10
[14:29:48]   B4_hourly_throughput_48h: cold=3237ms warm=2864ms rows=477
[14:29:56]   B5_route_rollup_24h: cold=2790ms warm=2498ms rows=40
[14:29:56] SHAPE B done: all_completed=True
[14:29:56] BURST: 100,000 events in 10 batches, 8 parallel writers, one Shape B query mid-burst
[14:30:00] BURST done: 100,000 events in 0.14s (711,683/s), errors=0, concurrent query 3869ms ok=True
[14:30:01] STORAGE: 1.27 GB total -> 0.64 GB/day (90d ~57 GB, 365d ~232 GB)
[14:30:06]   context rows_48h: value=36681711 (2464ms)
[14:30:06]   context host_rows_6h: value=892500 (101ms)
[14:30:07]   context disk_rows_6h: value=6247500 (440ms)

Run complete in 231s
  <repo>\bench\results\timelorddb-tldb-m4-full4-20260808-142619\run.json
  compare runs with: python bench.py compare <repo>\bench\results\*\run.json
