#162 drill: TIMELAKE_DATA_AUTH defaults to optional; tokenless stock clients still work
2026-09-09 · deploy/compose/timelakedb.yml --profile telegraf --profile grafana, fresh volume (image built from af52e7b) · telegraf:latest (1.39.2), grafana/grafana:latest
drill: deploy/compose/data_auth_default_drill.sh
================================================================================
== #162: TIMELAKE_DATA_AUTH defaults to optional; tokenless stock clients still work ==
-- A. the node sets nothing and runs optional --
  PASS  node healthy
  PASS  the container's environment does not mention TIMELAKE_DATA_AUTH
  PASS  timelake_data_auth_mode reads 1 (optional) from the compiled-in default
-- B. what a tokenless stock Telegraf sends (recorder on bench-timelakedb_default) --
  recorded: PROBE path=/api/v2/write ua=Telegraf/1.39.2 Go/1.26.5 authorization='Token'
  recorded: PROBE path=/query ua=Telegraf/1.39.2 Go/1.26.5 authorization='Basic dGVsZWdyYWY6'
  recorded: PROBE path=/write ua=Telegraf/1.39.2 Go/1.26.5 authorization='Basic dGVsZWdyYWY6'
  PASS  influxdb_v2 output with token="" sends 'Token' with nothing after it
  PASS  influxdb (v1) output with a username and no password sends Basic telegraf:
-- C. the fixture Telegraf (token = "") writes, and is counted as anonymous --
  PASS  cpu rows from the tokenless fixture Telegraf are readable (1 >= 1)
  PASS  nothing has been rejected
  PASS  the writes were counted as anonymous (6 >= 1)
  PASS  and none as authenticated (no token exists yet)
-- D. the fixture Grafana holds no token and reads over Flight SQL --
  PASS  grafana healthy
  PASS  the provisioned datasource carries no token
  PASS  Grafana's own Flight SQL client, tokenless, gets a row count (1 >= 1)
  PASS  the Grafana read was not rejected
-- E. a WRONG token is refused on both surfaces --
  PASS  write with a wrong token -> 401
  PASS  /api/sql with a wrong token -> 401
  PASS  both counted as rejected
-- F. a BLANK credential in each spelling is served as anonymous --
  PASS  'Token' (what a tokenless influxdb_v2 output sends, as recorded above) -> 204
  PASS  'Basic telegraf:' (what a passwordless v1 output sends) -> 204
  PASS  'Bearer' with no value -> 204
  PASS  a scheme the node does not speak is still presented-and-unusable -> 401
  PASS  the three blank writes were counted as anonymous (3 >= 3)
  PASS  only the Digest one joined the rejected count

== 22 passed, 0 failed ==
drill exit=0
